src/app/debug-data/page.tsx(21,20): error TS2769: No overload matches this call.
  Overload 1 of 3, '(firestore: Firestore, path: string, ...pathSegments: string[]): DocumentReference<DocumentData, DocumentData>', gave the following error.
    Argument of type 'string | undefined' is not assignable to parameter of type 'string'.
      Type 'undefined' is not assignable to type 'string'.
  Overload 2 of 3, '(reference: CollectionReference<unknown, DocumentData>, path?: string | undefined, ...pathSegments: string[]): DocumentReference<unknown, DocumentData>', gave the following error.
    Argument of type 'Firestore' is not assignable to parameter of type 'CollectionReference<unknown, DocumentData>'.
      Type 'Firestore' is missing the following properties from type 'CollectionReference<unknown, DocumentData>': id, path, parent, withConverter, and 2 more.
  Overload 3 of 3, '(reference: DocumentReference<unknown, DocumentData>, path: string, ...pathSegments: string[]): DocumentReference<DocumentData, DocumentData>', gave the following error.
    Argument of type 'Firestore' is not assignable to parameter of type 'DocumentReference<unknown, DocumentData>'.
      Type 'Firestore' is missing the following properties from type 'DocumentReference<unknown, DocumentData>': converter, firestore, id, path, and 2 more.
src/app/debug-data/page.tsx(21,38): error TS18047: 'userData' is possibly 'null'.
src/app/debug-data/page.tsx(29,69): error TS18047: 'userData' is possibly 'null'.
